[freebw.com/templates/oragnive-v1/index.html]
[backblue.gif]
[fade.gif]
[index.html]
[freebw.com/templates/oragnive-v1/images/icons/favicon.png]
[freebw.com/templates/oragnive-v1/vendor/bootstrap/css/bootstrap.min.css]
[freebw.com/templates/oragnive-v1/fonts/font-awesome-4.7.0/css/font-awesome.min.css]
[freebw.com/templates/oragnive-v1/fonts/linearicons-v1.0.0/icon-font.min.css]
[freebw.com/templates/oragnive-v1/vendor/animate/animate.css]
[freebw.com/templates/oragnive-v1/vendor/css-hamburgers/hamburgers.min.css]
[freebw.com/templates/oragnive-v1/vendor/animsition/css/animsition.min.css]
[freebw.com/templates/oragnive-v1/vendor/select2/select2.min.css]
[freebw.com/templates/oragnive-v1/vendor/daterangepicker/daterangepicker.css]
[freebw.com/templates/oragnive-v1/vendor/slick/slick.css]
[freebw.com/templates/oragnive-v1/vendor/lightbox2/css/lightbox.min.css]
[freebw.com/templates/oragnive-v1/vendor/perfect-scrollbar/perfect-scrollbar.css]
[freebw.com/templates/oragnive-v1/vendor/revolution/css/layers.css]
[freebw.com/templates/oragnive-v1/vendor/revolution/css/navigation.css]
[freebw.com/templates/oragnive-v1/vendor/revolution/css/settings.css]
[freebw.com/templates/oragnive-v1/css/util.css]
[freebw.com/templates/oragnive-v1/css/main.css]
[freebw.com/templates/oragnive-v1/home-02.html]
[freebw.com/templates/oragnive-v1/home-03.html]
[freebw.com/templates/oragnive-v1/home-04.html]
[freebw.com/templates/oragnive-v1/home-05.html]
[freebw.com/templates/oragnive-v1/home-06.html]
[freebw.com/templates/oragnive-v1/about-01.html]
[freebw.com/templates/oragnive-v1/about-02.html]
[freebw.com/templates/oragnive-v1/coming-soon.html]
[freebw.com/templates/oragnive-v1/error.html]
[freebw.com/templates/oragnive-v1/checkout.html]
[freebw.com/templates/oragnive-v1/account.html]
[freebw.com/templates/oragnive-v1/account-lost-pass.html]
[freebw.com/templates/oragnive-v1/account-register.html]
[freebw.com/templates/oragnive-v1/wishlist.html]
[freebw.com/templates/oragnive-v1/shop-sidebar-grid.html]
[freebw.com/templates/oragnive-v1/shop-sidebar-list.html]
[freebw.com/templates/oragnive-v1/shop-product-grid.html]
[freebw.com/templates/oragnive-v1/shop-product-list.html]
[freebw.com/templates/oragnive-v1/product-single.html]
[freebw.com/templates/oragnive-v1/shop-cart.html]
[freebw.com/templates/oragnive-v1/blog-list.html]
[freebw.com/templates/oragnive-v1/blog-grid-01.html]
[freebw.com/templates/oragnive-v1/blog-grid-02.html]
[freebw.com/templates/oragnive-v1/blog-single.html]
[freebw.com/templates/oragnive-v1/gallery-01.html]
[freebw.com/templates/oragnive-v1/gallery-02.html]
[freebw.com/templates/oragnive-v1/contact-01.html]
[freebw.com/templates/oragnive-v1/contact-02.html]
[freebw.com/templates/oragnive-v1/images/icons/logo-01.png]
[freebw.com/templates/oragnive-v1/images/icons/icon-search.png]
[freebw.com/templates/oragnive-v1/images/icons/icon-cart-2.png]
[freebw.com/templates/oragnive-v1/images/item-cart-01.jpg]
[freebw.com/templates/oragnive-v1/images/icons/icon-close.png]
[freebw.com/templates/oragnive-v1/images/item-cart-02.jpg]
[freebw.com/templates/oragnive-v1/images/bg-slide-01.jpg]
[freebw.com/templates/oragnive-v1/images/icons/symbol-02.png]
[freebw.com/templates/oragnive-v1/images/other-01.jpg]
[freebw.com/templates/oragnive-v1/images/icons/icon1.png]
[freebw.com/templates/oragnive-v1/images/icons/icon1.1.png]
[freebw.com/templates/oragnive-v1/images/icons/icon2.png]
[freebw.com/templates/oragnive-v1/images/icons/icon2.2.png]
[freebw.com/templates/oragnive-v1/images/icons/icon3.png]
[freebw.com/templates/oragnive-v1/images/icons/icon3.3.png]
[freebw.com/templates/oragnive-v1/images/icons/icon4.png]
[freebw.com/templates/oragnive-v1/images/icons/icon4.4.png]
[freebw.com/templates/oragnive-v1/images/bg-item-01.jpg]
[freebw.com/templates/oragnive-v1/images/icons/symbol-03.png]
[freebw.com/templates/oragnive-v1/images/bg-item-02.jpg]
[freebw.com/templates/oragnive-v1/images/icons/symbol-04.png]
[freebw.com/templates/oragnive-v1/images/bg-item-03.jpg]
[freebw.com/templates/oragnive-v1/images/icons/symbol-05.png]
[freebw.com/templates/oragnive-v1/images/bg-item-04.jpg]
[freebw.com/templates/oragnive-v1/images/icons/symbol-06.png]
[freebw.com/templates/oragnive-v1/images/product-01.jpg]
[freebw.com/templates/oragnive-v1/images/icons/icon-view.png]
[freebw.com/templates/oragnive-v1/images/icons/icon-cart.png]
[freebw.com/templates/oragnive-v1/images/icons/icon-heart.png]
[freebw.com/templates/oragnive-v1/images/icons/icon-heart2.png]
[freebw.com/templates/oragnive-v1/images/product-02.jpg]
[freebw.com/templates/oragnive-v1/images/product-03.jpg]
[freebw.com/templates/oragnive-v1/images/product-04.jpg]
[freebw.com/templates/oragnive-v1/images/product-05.jpg]
[freebw.com/templates/oragnive-v1/images/product-06.jpg]
[freebw.com/templates/oragnive-v1/images/product-07.jpg]
[freebw.com/templates/oragnive-v1/images/product-08.jpg]
[freebw.com/templates/oragnive-v1/images/bg-01.jpg]
[freebw.com/templates/oragnive-v1/images/other-03.png]
[freebw.com/templates/oragnive-v1/images/other-02.png]
[freebw.com/templates/oragnive-v1/images/product-09.jpg]
[freebw.com/templates/oragnive-v1/images/product-10.jpg]
[freebw.com/templates/oragnive-v1/images/product-11.jpg]
[freebw.com/templates/oragnive-v1/images/product-12.jpg]
[freebw.com/templates/oragnive-v1/images/product-13.jpg]
[freebw.com/templates/oragnive-v1/images/product-14.jpg]
[freebw.com/templates/oragnive-v1/images/product-15.jpg]
[freebw.com/templates/oragnive-v1/images/product-16.jpg]
[freebw.com/templates/oragnive-v1/images/product-17.jpg]
[freebw.com/templates/oragnive-v1/images/other-04.png]
[freebw.com/templates/oragnive-v1/images/other-05.png]
[freebw.com/templates/oragnive-v1/images/avatar-01.jpg]
[freebw.com/templates/oragnive-v1/images/blog-01.jpg]
[freebw.com/templates/oragnive-v1/images/blog-02.jpg]
[freebw.com/templates/oragnive-v1/images/icons/symbol-07.png]
[freebw.com/templates/oragnive-v1/images/icons/symbol-08.png]
[freebw.com/templates/oragnive-v1/images/icons/symbol-09.png]
[freebw.com/templates/oragnive-v1/images/icons/symbol-10.png]
[freebw.com/templates/oragnive-v1/images/icons/symbol-11.png]
[freebw.com/templates/oragnive-v1/images/icons/icon-mail.png]
[freebw.com/templates/oragnive-v1/images/icons/icon-pin.png]
[freebw.com/templates/oragnive-v1/images/icons/icon-phone.png]
[freebw.com/templates/oragnive-v1/images/instagram-01.jpg]
[freebw.com/templates/oragnive-v1/images/instagram-02.jpg]
[freebw.com/templates/oragnive-v1/images/instagram-03.jpg]
[freebw.com/templates/oragnive-v1/images/instagram-04.jpg]
[freebw.com/templates/oragnive-v1/images/instagram-05.jpg]
[freebw.com/templates/oragnive-v1/images/instagram-06.jpg]
[freebw.com/templates/oragnive-v1/images/icons/icon-pay-01.png]
[freebw.com/templates/oragnive-v1/images/icons/icon-pay-02.png]
[freebw.com/templates/oragnive-v1/images/icons/icon-pay-03.png]
[freebw.com/templates/oragnive-v1/images/icons/icon-pay-04.png]
[freebw.com/templates/oragnive-v1/images/icons/icon-pay-05.png]
[freebw.com/templates/oragnive-v1/vendor/jquery/jquery-3.2.1.min.js]
[freebw.com/templates/oragnive-v1/vendor/animsition/js/animsition.min.js]
[freebw.com/templates/oragnive-v1/vendor/bootstrap/js/popper.js]
[freebw.com/templates/oragnive-v1/vendor/bootstrap/js/bootstrap.min.js]
[freebw.com/templates/oragnive-v1/vendor/revolution/js/jquery.themepunch.tools.min.js]
[freebw.com/templates/oragnive-v1/vendor/revolution/js/jquery.themepunch.revolution.min.js]
[freebw.com/templates/oragnive-v1/vendor/revolution/js/extensions/revolution.extension.video.min.js]
[freebw.com/templates/oragnive-v1/vendor/revolution/js/extensions/revolution.extension.carousel.min.js]
[freebw.com/templates/oragnive-v1/vendor/revolution/js/extensions/revolution.extension.slideanims.min.js]
[freebw.com/templates/oragnive-v1/vendor/revolution/js/extensions/revolution.extension.actions.min.js]
[freebw.com/templates/oragnive-v1/vendor/revolution/js/extensions/revolution.extension.layeranimation.min.js]
[freebw.com/templates/oragnive-v1/vendor/revolution/js/extensions/revolution.extension.kenburn.min.js]
[freebw.com/templates/oragnive-v1/vendor/revolution/js/extensions/revolution.extension.navigation.min.js]
[freebw.com/templates/oragnive-v1/vendor/revolution/js/extensions/revolution.extension.migration.min.js]
[freebw.com/templates/oragnive-v1/vendor/revolution/js/extensions/revolution.extension.parallax.min.js]
[freebw.com/templates/oragnive-v1/js/revo-custom.js]
[freebw.com/templates/oragnive-v1/vendor/select2/select2.min.js]
[freebw.com/templates/oragnive-v1/vendor/daterangepicker/moment.min.js]
[freebw.com/templates/oragnive-v1/vendor/daterangepicker/daterangepicker.js]
[freebw.com/templates/oragnive-v1/vendor/slick/slick.min.js]
[freebw.com/templates/oragnive-v1/js/slick-custom.js]
[freebw.com/templates/oragnive-v1/vendor/parallax100/parallax100.js]
[freebw.com/templates/oragnive-v1/vendor/lightbox2/js/lightbox.min.js]
[freebw.com/templates/oragnive-v1/vendor/isotope/isotope.pkgd.min.js]
[freebw.com/templates/oragnive-v1/vendor/sweetalert/sweetalert.min.js]
[freebw.com/templates/oragnive-v1/vendor/countdowntime/moment.min.js]
[freebw.com/templates/oragnive-v1/vendor/countdowntime/moment-timezone.min.js]
[freebw.com/templates/oragnive-v1/vendor/countdowntime/moment-timezone-with-data.min.js]
[freebw.com/templates/oragnive-v1/vendor/countdowntime/jquery.countdown.min.js]
[freebw.com/templates/oragnive-v1/vendor/countdowntime/countdowntime.js]
[freebw.com/templates/oragnive-v1/vendor/perfect-scrollbar/perfect-scrollbar.min.js]
[freebw.com/templates/oragnive-v1/js/main.js]
[freebw.com/templates/oragnive-v1/index.html]
[freebw.com/templates/oragnive-v1/vendor/bootstrap/css/bootstrap.min.css]
[freebw.com/templates/oragnive-v1/fonts/font-awesome-4.7.0/fonts/fontawesome-webfont3e6e.eot]
[freebw.com/templates/oragnive-v1/fonts/font-awesome-4.7.0/fonts/fontawesome-webfontd41d.eot]
[freebw.com/templates/oragnive-v1/fonts/font-awesome-4.7.0/fonts/fontawesome-webfont3e6e.woff2]
[freebw.com/templates/oragnive-v1/fonts/font-awesome-4.7.0/fonts/fontawesome-webfont3e6e.woff]
[freebw.com/templates/oragnive-v1/fonts/font-awesome-4.7.0/fonts/fontawesome-webfont3e6e.ttf]
[freebw.com/templates/oragnive-v1/fonts/font-awesome-4.7.0/css/font-awesome.min.css]
[freebw.com/templates/oragnive-v1/fonts/linearicons-v1.0.0/icon-font.min.css]
[freebw.com/templates/oragnive-v1/vendor/animate/animate.css]
[freebw.com/templates/oragnive-v1/vendor/css-hamburgers/hamburgers.min.css]
[freebw.com/templates/oragnive-v1/vendor/animsition/css/animsition.min.css]
[freebw.com/templates/oragnive-v1/vendor/select2/select2.min.css]
[freebw.com/templates/oragnive-v1/vendor/daterangepicker/daterangepicker.css]
[freebw.com/templates/oragnive-v1/vendor/slick/slick.css]
[freebw.com/templates/oragnive-v1/fonts/font-awesome-4.7.0/fonts/fontawesome-webfont3e6e.svg]
[freebw.com/templates/oragnive-v1/vendor/lightbox2/images/close.png]
[freebw.com/templates/oragnive-v1/vendor/lightbox2/images/loading.gif]
[freebw.com/templates/oragnive-v1/vendor/lightbox2/images/prev.png]
[freebw.com/templates/oragnive-v1/vendor/lightbox2/images/next.png]
[freebw.com/templates/oragnive-v1/vendor/lightbox2/css/lightbox.min.css]
[freebw.com/templates/oragnive-v1/vendor/perfect-scrollbar/perfect-scrollbar.css]
[freebw.com/templates/oragnive-v1/vendor/revolution/css/layers.css]
[freebw.com/templates/oragnive-v1/vendor/revolution/css/navigation.css]
[freebw.com/templates/oragnive-v1/vendor/revolution/fonts/revicons/revicons90c6.eot]
[freebw.com/templates/oragnive-v1/vendor/revolution/fonts/revicons/revicons90c6.woff]
[freebw.com/templates/oragnive-v1/vendor/revolution/fonts/revicons/revicons90c6.ttf]
[freebw.com/templates/oragnive-v1/vendor/revolution/fonts/revicons/revicons90c6.svg]
[freebw.com/templates/oragnive-v1/vendor/revolution/css/openhand.cur]
[freebw.com/templates/oragnive-v1/vendor/revolution/css/closedhand.cur]
[freebw.com/templates/oragnive-v1/vendor/revolution/assets/gridtile.png]
[freebw.com/templates/oragnive-v1/vendor/revolution/assets/gridtile_white.png]
[freebw.com/templates/oragnive-v1/vendor/revolution/assets/gridtile_3x3.png]
[freebw.com/templates/oragnive-v1/vendor/revolution/assets/gridtile_3x3_white.png]
[freebw.com/templates/oragnive-v1/vendor/revolution/assets/coloredbg.png]
[freebw.com/templates/oragnive-v1/vendor/revolution/assets/loader.gif]
[freebw.com/templates/oragnive-v1/vendor/revolution/css/settings.css]
[freebw.com/templates/oragnive-v1/css/util.css]
[freebw.com/templates/oragnive-v1/fonts/Lato/Lato-Regular.ttf]
[freebw.com/templates/oragnive-v1/fonts/Lato/Lato-Light.ttf]
[freebw.com/templates/oragnive-v1/fonts/Lato/Lato-LightItalic.ttf]
[freebw.com/templates/oragnive-v1/fonts/Lato/Lato-SemiBold.ttf]
[freebw.com/templates/oragnive-v1/fonts/Lato/Lato-Bold.ttf]
[freebw.com/templates/oragnive-v1/fonts/Lato/Lato-Black.ttf]
[freebw.com/templates/oragnive-v1/fonts/Lato/Lato-Hairline.ttf]
[freebw.com/templates/oragnive-v1/fonts/PlayfairDisplay/PlayfairDisplay-Italic.ttf]
[freebw.com/templates/oragnive-v1/fonts/Pacifico/Pacifico-Regular.ttf]
[freebw.com/templates/oragnive-v1/fonts/Courgette/Courgette-Regular.ttf]
[freebw.com/templates/oragnive-v1/fonts/Quattrocento/Quattrocento-Regular.ttf]
[freebw.com/templates/oragnive-v1/fonts/Bitter/Bitter-Regular.ttf]
[freebw.com/templates/oragnive-v1/fonts/Bitter/Bitter-Bold.ttf]
[freebw.com/templates/oragnive-v1/fonts/GreatVibes/GreatVibes-Regular.ttf]
[freebw.com/templates/oragnive-v1/images/icons/symbol-01.png]
[freebw.com/templates/oragnive-v1/css/main.css]
[freebw.com/templates/oragnive-v1/images/bg-slide-02.jpg]
[freebw.com/templates/oragnive-v1/images/bg-02.jpg]
[freebw.com/templates/oragnive-v1/images/other-06.png]
[freebw.com/templates/oragnive-v1/images/icons/symbol-12.png]
[freebw.com/templates/oragnive-v1/images/icons/symbol-13.png]
[freebw.com/templates/oragnive-v1/images/icons/symbol-14.png]
[freebw.com/templates/oragnive-v1/images/icons/symbol-02.2.png]
[freebw.com/templates/oragnive-v1/images/product-18.jpg]
[freebw.com/templates/oragnive-v1/images/product-19.jpg]
[freebw.com/templates/oragnive-v1/images/product-20.jpg]
[freebw.com/templates/oragnive-v1/images/product-21.jpg]
[freebw.com/templates/oragnive-v1/images/product-22.jpg]
[freebw.com/templates/oragnive-v1/images/product-23.jpg]
[freebw.com/templates/oragnive-v1/images/item-01.png]
[freebw.com/templates/oragnive-v1/images/item-02.png]
[freebw.com/templates/oragnive-v1/images/item-03.png]
[freebw.com/templates/oragnive-v1/images/item-04.png]
[freebw.com/templates/oragnive-v1/images/item-05.png]
[freebw.com/templates/oragnive-v1/images/item-06.png]
[freebw.com/templates/oragnive-v1/images/item-07.png]
[freebw.com/templates/oragnive-v1/images/icons/symbol-15.png]
[freebw.com/templates/oragnive-v1/images/icons/symbol-16.png]
[freebw.com/templates/oragnive-v1/images/icons/symbol-17.png]
[freebw.com/templates/oragnive-v1/images/other-07.jpg]
[freebw.com/templates/oragnive-v1/images/blog-03.jpg]
[freebw.com/templates/oragnive-v1/images/icons/icon-user.png]
[freebw.com/templates/oragnive-v1/images/icons/icon-cmt.png]
[freebw.com/templates/oragnive-v1/images/blog-04.jpg]
[freebw.com/templates/oragnive-v1/images/blog-05.jpg]
[freebw.com/templates/oragnive-v1/images/icons/logo-02.png]
[freebw.com/templates/oragnive-v1/images/icons/icon-mail-02.png]
[freebw.com/templates/oragnive-v1/images/icons/icon-pin-02.png]
[freebw.com/templates/oragnive-v1/images/icons/icon-phone-02.png]
[freebw.com/templates/oragnive-v1/images/icons/icon-send.png]
[freebw.com/templates/oragnive-v1/home-02.html]
[freebw.com/templates/oragnive-v1/images/icons/icon-search2.png]
[freebw.com/templates/oragnive-v1/images/icons/icon-cart-3.png]
[freebw.com/templates/oragnive-v1/images/bg-slide-03.jpg]
[freebw.com/templates/oragnive-v1/images/icons/symbol-19.png]
[freebw.com/templates/oragnive-v1/images/icons/symbol-18.png]
[freebw.com/templates/oragnive-v1/images/bg-slide-04.jpg]
[freebw.com/templates/oragnive-v1/images/other-08.jpg]
[freebw.com/templates/oragnive-v1/images/other-07.png]
[freebw.com/templates/oragnive-v1/images/icons/symbol-20.png]
[freebw.com/templates/oragnive-v1/images/icons/symbol-23.png]
[freebw.com/templates/oragnive-v1/images/icons/symbol-21.png]
[freebw.com/templates/oragnive-v1/images/icons/symbol-24.png]
[freebw.com/templates/oragnive-v1/images/icons/symbol-22.png]
[freebw.com/templates/oragnive-v1/images/icons/symbol-25.png]
[freebw.com/templates/oragnive-v1/images/product-24.jpg]
[freebw.com/templates/oragnive-v1/images/product-25.jpg]
[freebw.com/templates/oragnive-v1/images/product-26.jpg]
[freebw.com/templates/oragnive-v1/images/product-27.jpg]
[freebw.com/templates/oragnive-v1/images/product-28.jpg]
[freebw.com/templates/oragnive-v1/images/product-29.jpg]
[freebw.com/templates/oragnive-v1/images/farmer-01.jpg]
[freebw.com/templates/oragnive-v1/images/icons/icon-instagram.png]
[freebw.com/templates/oragnive-v1/images/icons/icon-instagram2.png]
[freebw.com/templates/oragnive-v1/images/icons/icon-twitter.png]
[freebw.com/templates/oragnive-v1/images/icons/icon-twitter2.png]
[freebw.com/templates/oragnive-v1/images/icons/icon-google.png]
[freebw.com/templates/oragnive-v1/images/icons/icon-google2.png]
[freebw.com/templates/oragnive-v1/images/icons/icon-facebook.png]
[freebw.com/templates/oragnive-v1/images/icons/icon-facebook2.png]
[freebw.com/templates/oragnive-v1/images/farmer-02.jpg]
[freebw.com/templates/oragnive-v1/images/farmer-03.jpg]
[freebw.com/templates/oragnive-v1/images/blog-06.jpg]
[freebw.com/templates/oragnive-v1/images/blog-07.jpg]
[freebw.com/templates/oragnive-v1/images/bg-03.jpg]
[freebw.com/templates/oragnive-v1/images/icons/logo-03.png]
[freebw.com/templates/oragnive-v1/home-03.html]
[freebw.com/templates/oragnive-v1/images/bg-slide-05.jpg]
[freebw.com/templates/oragnive-v1/images/bg-slide-06.jpg]
[freebw.com/templates/oragnive-v1/images/other-09.jpg]
[freebw.com/templates/oragnive-v1/images/icons/sign.png]
[freebw.com/templates/oragnive-v1/images/bg-04.jpg]
[freebw.com/templates/oragnive-v1/images/icons/symbol-26.png]
[freebw.com/templates/oragnive-v1/images/icons/symbol-27.png]
[freebw.com/templates/oragnive-v1/images/icons/symbol-28.png]
[freebw.com/templates/oragnive-v1/images/icons/symbol-29.png]
[freebw.com/templates/oragnive-v1/images/other-08.png]
[freebw.com/templates/oragnive-v1/images/other-09.png]
[freebw.com/templates/oragnive-v1/images/icons/symbol-30.png]
[freebw.com/templates/oragnive-v1/images/icons/symbol-31.png]
[freebw.com/templates/oragnive-v1/images/icons/symbol-32.png]
[freebw.com/templates/oragnive-v1/images/icons/symbol-33.png]
[freebw.com/templates/oragnive-v1/images/icons/symbol-34.png]
[freebw.com/templates/oragnive-v1/images/icons/symbol-35.png]
[freebw.com/templates/oragnive-v1/images/avatar-02.jpg]
[freebw.com/templates/oragnive-v1/images/practice-01.jpg]
[freebw.com/templates/oragnive-v1/images/practice-02.jpg]
[freebw.com/templates/oragnive-v1/images/practice-03.jpg]
[freebw.com/templates/oragnive-v1/images/practice-04.jpg]
[freebw.com/templates/oragnive-v1/images/practice-05.jpg]
[freebw.com/templates/oragnive-v1/images/practice-06.jpg]
[freebw.com/templates/oragnive-v1/images/blog-10.jpg]
[freebw.com/templates/oragnive-v1/images/blog-08.jpg]
[freebw.com/templates/oragnive-v1/images/blog-09.jpg]
[freebw.com/templates/oragnive-v1/images/icons/symbol-36.png]
[freebw.com/templates/oragnive-v1/vendor/waypoint/jquery.waypoints.min.js]
[freebw.com/templates/oragnive-v1/vendor/countterup/jquery.counterup.min.js]
[freebw.com/templates/oragnive-v1/home-04.html]
[freebw.com/templates/oragnive-v1/images/bg-slide-07.jpg]
[freebw.com/templates/oragnive-v1/images/bg-slide-08.jpg]
[freebw.com/templates/oragnive-v1/images/bg-slide-09.jpg]
[freebw.com/templates/oragnive-v1/images/video-01.jpg]
[freebw.com/templates/oragnive-v1/images/icons/icon-play.png]
[freebw.com/templates/oragnive-v1/images/icons/symbol-37.png]
[freebw.com/templates/oragnive-v1/images/icons/symbol-38.png]
[freebw.com/templates/oragnive-v1/images/icons/symbol-39.png]
[freebw.com/templates/oragnive-v1/images/icons/symbol-40.png]
[freebw.com/templates/oragnive-v1/images/icons/symbol-41.png]
[freebw.com/templates/oragnive-v1/images/bg-05.jpg]
[freebw.com/templates/oragnive-v1/images/product-30.jpg]
[freebw.com/templates/oragnive-v1/images/product-31.jpg]
[freebw.com/templates/oragnive-v1/images/product-32.jpg]
[freebw.com/templates/oragnive-v1/images/bg-item-05.jpg]
[freebw.com/templates/oragnive-v1/images/bg-item-06.jpg]
[freebw.com/templates/oragnive-v1/images/bg-item-08.jpg]
[freebw.com/templates/oragnive-v1/images/bg-item-07.jpg]
[freebw.com/templates/oragnive-v1/images/bg-item-09.jpg]
[freebw.com/templates/oragnive-v1/images/other-10.jpg]
[freebw.com/templates/oragnive-v1/images/icons/icon-list.png]
[freebw.com/templates/oragnive-v1/home-05.html]
[freebw.com/templates/oragnive-v1/js/map-custom.js]
[freebw.com/templates/oragnive-v1/vendor/MagnificPopup/magnific-popup.css]
[freebw.com/templates/oragnive-v1/images/bg-slide-10.jpg]
[freebw.com/templates/oragnive-v1/images/icons/symbol-42.png]
[freebw.com/templates/oragnive-v1/images/bg-slide-12.jpg]
[freebw.com/templates/oragnive-v1/images/bg-slide-11.jpg]
[freebw.com/templates/oragnive-v1/images/icons/symbol-37-min.png]
[freebw.com/templates/oragnive-v1/images/icons/symbol-38-min.png]
[freebw.com/templates/oragnive-v1/images/icons/symbol-39-min.png]
[freebw.com/templates/oragnive-v1/images/icons/symbol-40-min.png]
[freebw.com/templates/oragnive-v1/images/icons/symbol-41-min.png]
[freebw.com/templates/oragnive-v1/images/icons/symbol-43.png]
[freebw.com/templates/oragnive-v1/images/other-11.jpg]
[freebw.com/templates/oragnive-v1/images/gallery-01.jpg]
[freebw.com/templates/oragnive-v1/images/icons/icon-open.png]
[freebw.com/templates/oragnive-v1/images/icons/icon-link.png]
[freebw.com/templates/oragnive-v1/images/gallery-02.jpg]
[freebw.com/templates/oragnive-v1/images/gallery-03.jpg]
[freebw.com/templates/oragnive-v1/images/gallery-04.jpg]
[freebw.com/templates/oragnive-v1/images/gallery-05.jpg]
[freebw.com/templates/oragnive-v1/images/gallery-06.jpg]
[freebw.com/templates/oragnive-v1/images/other-12.png]
[freebw.com/templates/oragnive-v1/images/bg-06.jpg]
[freebw.com/templates/oragnive-v1/images/icons/symbol-48.png]
[freebw.com/templates/oragnive-v1/images/icons/symbol-49.png]
[freebw.com/templates/oragnive-v1/images/icons/symbol-50.png]
[freebw.com/templates/oragnive-v1/images/icons/symbol-51.png]
[freebw.com/templates/oragnive-v1/images/other-13.jpg]
[freebw.com/templates/oragnive-v1/images/blog-11.jpg]
[freebw.com/templates/oragnive-v1/images/blog-12.jpg]
[freebw.com/templates/oragnive-v1/images/blog-13.jpg]
[freebw.com/templates/oragnive-v1/images/icons/logo-04.png]
[freebw.com/templates/oragnive-v1/vendor/MagnificPopup/jquery.magnific-popup.min.js]
[freebw.com/templates/oragnive-v1/home-06.html]
[freebw.com/templates/oragnive-v1/images/bg-07.jpg]
[freebw.com/templates/oragnive-v1/about-01.html]
[freebw.com/templates/oragnive-v1/about-02.html]
[freebw.com/templates/oragnive-v1/coming-soon.html]
[freebw.com/templates/oragnive-v1/images/other-14.jpg]
[freebw.com/templates/oragnive-v1/images/other-15.jpg]
[freebw.com/templates/oragnive-v1/images/other-17.jpg]
[freebw.com/templates/oragnive-v1/images/other-16.jpg]
[freebw.com/templates/oragnive-v1/error.html]
[freebw.com/templates/oragnive-v1/images/icons/icon-multiply.png]
[freebw.com/templates/oragnive-v1/images/icons/paypal.png]
[freebw.com/templates/oragnive-v1/checkout.html]
[freebw.com/templates/oragnive-v1/account.html]
[freebw.com/templates/oragnive-v1/account-lost-pass.html]
[freebw.com/templates/oragnive-v1/images/icons/icon-list2.png]
[freebw.com/templates/oragnive-v1/account-register.html]
[freebw.com/templates/oragnive-v1/images/best-sell-01.jpg]
[freebw.com/templates/oragnive-v1/images/icons/icon-list3.png]
[freebw.com/templates/oragnive-v1/images/best-sell-02.jpg]
[freebw.com/templates/oragnive-v1/wishlist.html]
[freebw.com/templates/oragnive-v1/vendor/noui/nouislider.min.css]
[freebw.com/templates/oragnive-v1/images/best-sell-03.jpg]
[freebw.com/templates/oragnive-v1/images/best-sell-04.jpg]
[freebw.com/templates/oragnive-v1/images/icons/icon-menu-list.png]
[freebw.com/templates/oragnive-v1/images/icons/icon-menu-list1.png]
[freebw.com/templates/oragnive-v1/images/icons/icon-grid.png]
[freebw.com/templates/oragnive-v1/images/icons/icon-grid1.png]
[freebw.com/templates/oragnive-v1/images/product-33.jpg]
[freebw.com/templates/oragnive-v1/images/product-34.jpg]
[freebw.com/templates/oragnive-v1/images/product-35.jpg]
[freebw.com/templates/oragnive-v1/images/product-36.jpg]
[freebw.com/templates/oragnive-v1/images/product-37.jpg]
[freebw.com/templates/oragnive-v1/images/icons/icon-heart-color.png]
[freebw.com/templates/oragnive-v1/images/icons/icon-heart-color2.png]
[freebw.com/templates/oragnive-v1/images/product-38.jpg]
[freebw.com/templates/oragnive-v1/images/product-39.jpg]
[freebw.com/templates/oragnive-v1/images/product-40.jpg]
[freebw.com/templates/oragnive-v1/images/product-41.jpg]
[freebw.com/templates/oragnive-v1/images/product-42.jpg]
[freebw.com/templates/oragnive-v1/images/product-43.jpg]
[freebw.com/templates/oragnive-v1/images/product-44.jpg]
[freebw.com/templates/oragnive-v1/images/product-45.jpg]
[freebw.com/templates/oragnive-v1/images/product-46.jpg]
[freebw.com/templates/oragnive-v1/vendor/noui/nouislider.min.js]
[freebw.com/templates/oragnive-v1/shop-sidebar-grid.html]
[freebw.com/templates/oragnive-v1/shop-sidebar-list.html]
[freebw.com/templates/oragnive-v1/shop-product-grid.html]
[freebw.com/templates/oragnive-v1/shop-product-list.html]
[freebw.com/templates/oragnive-v1/vendor/slide100/slide100.css]
[freebw.com/templates/oragnive-v1/images/pro-detail-01.jpg]
[freebw.com/templates/oragnive-v1/images/pro-detail-thumb-02.jpg]
[freebw.com/templates/oragnive-v1/images/pro-detail-thumb-03.jpg]
[freebw.com/templates/oragnive-v1/images/pro-detail-thumb-04.jpg]
[freebw.com/templates/oragnive-v1/images/avatar-03.jpg]
[freebw.com/templates/oragnive-v1/vendor/slide100/slide100.js]
[freebw.com/templates/oragnive-v1/js/slide100-custom.js]
[freebw.com/templates/oragnive-v1/product-single.html]
[freebw.com/templates/oragnive-v1/shop-cart.html]
[freebw.com/templates/oragnive-v1/images/blog-14.jpg]
[freebw.com/templates/oragnive-v1/images/blog-15.jpg]
[freebw.com/templates/oragnive-v1/images/blog-16.jpg]
[freebw.com/templates/oragnive-v1/images/blog-17.jpg]
[freebw.com/templates/oragnive-v1/images/blog-18.jpg]
[freebw.com/templates/oragnive-v1/images/last-post-01.jpg]
[freebw.com/templates/oragnive-v1/images/last-post-02.jpg]
[freebw.com/templates/oragnive-v1/images/last-post-03.jpg]
[freebw.com/templates/oragnive-v1/images/last-post-04.jpg]
[freebw.com/templates/oragnive-v1/blog-list.html]
[freebw.com/templates/oragnive-v1/images/blog-19.jpg]
[freebw.com/templates/oragnive-v1/images/blog-20.jpg]
[freebw.com/templates/oragnive-v1/images/blog-21.jpg]
[freebw.com/templates/oragnive-v1/images/blog-22.jpg]
[freebw.com/templates/oragnive-v1/images/blog-23.jpg]
[freebw.com/templates/oragnive-v1/images/blog-24.jpg]
[freebw.com/templates/oragnive-v1/blog-grid-01.html]
[freebw.com/templates/oragnive-v1/images/blog-25.jpg]
[freebw.com/templates/oragnive-v1/images/blog-26.jpg]
[freebw.com/templates/oragnive-v1/images/blog-27.jpg]
[freebw.com/templates/oragnive-v1/images/blog-28.jpg]
[freebw.com/templates/oragnive-v1/blog-grid-02.html]
[freebw.com/templates/oragnive-v1/images/icons/icon-start-para.png]
[freebw.com/templates/oragnive-v1/images/icons/icon-tag.png]
[freebw.com/templates/oragnive-v1/images/icons/icon-share.png]
[freebw.com/templates/oragnive-v1/images/admin-01.jpg]
[freebw.com/templates/oragnive-v1/images/avatar-04.jpg]
[freebw.com/templates/oragnive-v1/images/avatar-05.jpg]
[freebw.com/templates/oragnive-v1/images/avatar-06.jpg]
[freebw.com/templates/oragnive-v1/images/avatar-07.jpg]
[freebw.com/templates/oragnive-v1/blog-single.html]
[freebw.com/templates/oragnive-v1/images/gallery-13.jpg]
[freebw.com/templates/oragnive-v1/images/gallery-09.jpg]
[freebw.com/templates/oragnive-v1/images/gallery-14.jpg]
[freebw.com/templates/oragnive-v1/gallery-01.html]
[freebw.com/templates/oragnive-v1/images/gallery-12.jpg]
[freebw.com/templates/oragnive-v1/images/gallery-07.jpg]
[freebw.com/templates/oragnive-v1/images/gallery-08.jpg]
[freebw.com/templates/oragnive-v1/images/gallery-10.jpg]
[freebw.com/templates/oragnive-v1/images/gallery-11.jpg]
[freebw.com/templates/oragnive-v1/gallery-02.html]
[freebw.com/templates/oragnive-v1/images/icons/icon-address.png]
[freebw.com/templates/oragnive-v1/images/icons/icon-phone-03.png]
[freebw.com/templates/oragnive-v1/images/icons/icon-mail-03.png]
[freebw.com/templates/oragnive-v1/images/icons/icon-web.png]
[freebw.com/templates/oragnive-v1/contact-01.html]
[freebw.com/templates/oragnive-v1/js/contact.js]
[freebw.com/templates/oragnive-v1/images/other-18.jpg]
[freebw.com/templates/oragnive-v1/images/icons/icon-address-02.png]
[freebw.com/templates/oragnive-v1/images/icons/icon-phone-04.png]
[freebw.com/templates/oragnive-v1/images/icons/icon-mail-04.png]
[freebw.com/templates/oragnive-v1/images/icons/icon-web-02.png]
[freebw.com/templates/oragnive-v1/contact-02.html]
[freebw.com/templates/oragnive-v1/vendor/jquery/jquery-3.2.1.min.js]
[freebw.com/templates/oragnive-v1/vendor/animsition/js/animsition.min.js]
[freebw.com/templates/oragnive-v1/vendor/bootstrap/js/popper.js]
[freebw.com/templates/oragnive-v1/vendor/bootstrap/js/bootstrap.min.js]
[freebw.com/templates/oragnive-v1/TweenLite.js]
[freebw.com/templates/oragnive-v1/vendor/revolution/js/jquery.themepunch.tools.min.js]
[freebw.com/templates/oragnive-v1/themepunch.revolution.min.js]
[freebw.com/templates/oragnive-v1/Version/index.html]
[freebw.com/templates/oragnive-v1/jquery.themepunch.revolution.min.js]
[freebw.com/templates/oragnive-v1/jquery.themepunch.revolution.js]
[freebw.com/templates/oragnive-v1/vendor/revolution/js/jquery.themepunch.revolution.min.js]
[freebw.com/templates/oragnive-v1/vendor/revolution/js/extensions/revolution.extension.video.min.js]
[freebw.com/templates/oragnive-v1/vendor/revolution/js/extensions/revolution.extension.carousel.min.js]
[freebw.com/templates/oragnive-v1/vendor/revolution/js/extensions/revolution.extension.slideanims.min.js]
[freebw.com/templates/oragnive-v1/vendor/revolution/js/extensions/revolution.extension.actions.min.js]
[freebw.com/templates/oragnive-v1/vendor/revolution/js/extensions/revolution.extension.layeranimation.min.js]
[freebw.com/templates/oragnive-v1/vendor/revolution/js/extensions/revolution.extension.kenburn.min.js]
[freebw.com/templates/oragnive-v1/vendor/revolution/js/extensions/revolution.extension.navigation.min.js]
[freebw.com/templates/oragnive-v1/vendor/revolution/js/extensions/revolution.extension.migration.min.js]
[freebw.com/templates/oragnive-v1/vendor/revolution/js/extensions/revolution.extension.parallax.min.js]
[freebw.com/templates/oragnive-v1/js/revo-custom.js]
[freebw.com/templates/oragnive-v1/vendor/select2/select2.min.js]
[freebw.com/templates/oragnive-v1/vendor/daterangepicker/moment.min.js]
[freebw.com/templates/oragnive-v1/vendor/daterangepicker/daterangepicker.js]
[freebw.com/templates/oragnive-v1/vendor/slick/slick.min.js]
[freebw.com/templates/oragnive-v1/js/slick-custom.js]
[freebw.com/templates/oragnive-v1/vendor/parallax100/parallax100.js]
[freebw.com/templates/oragnive-v1/vendor/lightbox2/js/lightbox.min.js]
[freebw.com/templates/oragnive-v1/vendor/isotope/isotope.pkgd.min.js]
[freebw.com/templates/oragnive-v1/vendor/sweetalert/sweetalert.min.js]
[freebw.com/templates/oragnive-v1/vendor/countdowntime/moment.min.js]
[freebw.com/templates/oragnive-v1/vendor/countdowntime/moment-timezone.min.js]
[freebw.com/templates/oragnive-v1/vendor/countdowntime/moment-timezone-with-data.min.js]
[freebw.com/templates/oragnive-v1/vendor/countdowntime/jquery.countdown.min.js]
[freebw.com/templates/oragnive-v1/vendor/countdowntime/countdowntime.js]
[freebw.com/templates/oragnive-v1/vendor/perfect-scrollbar/perfect-scrollbar.min.js]
[freebw.com/templates/oragnive-v1/js/main.js]
[freebw.com/templates/oragnive-v1/fonts/font-awesome-4.7.0/fonts/fontawesome-webfont3e6e.svg]
[freebw.com/templates/oragnive-v1/vendor/revolution/fonts/revicons/revicons90c6.svg]
[freebw.com/templates/oragnive-v1/fonts/Lato/Lato-SemiBold.html]
[freebw.com/templates/oragnive-v1/vendor/waypoint/jquery.waypoints.min.js]
[freebw.com/templates/oragnive-v1/vendor/countterup/jquery.counterup.min.js]
[freebw.com/templates/oragnive-v1/images/icons/location.png]
[freebw.com/templates/oragnive-v1/js/map-custom.js]
[freebw.com/templates/oragnive-v1/vendor/MagnificPopup/magnific-popup.css]
[freebw.com/templates/oragnive-v1/vendor/MagnificPopup/jquery.magnific-popup.min.js]
[freebw.com/templates/oragnive-v1/vendor/noui/nouislider.min.css]
[freebw.com/templates/oragnive-v1/vendor/noui/nouislider.min.js]
[freebw.com/templates/oragnive-v1/vendor/slide100/slide100.css]
[freebw.com/templates/oragnive-v1/vendor/slide100/slide100.js]
[freebw.com/templates/oragnive-v1/index-2.html]
[freebw.com/templates/oragnive-v1/images/pro-detail-02.jpg]
[freebw.com/templates/oragnive-v1/images/pro-detail-03.jpg]
[freebw.com/templates/oragnive-v1/js/slide100-custom.js]
[freebw.com/templates/oragnive-v1/js/contact.js]
[freebw.com/templates/oragnive-v1/TweenLite.html]
[freebw.com/templates/oragnive-v1/Version/index.html]
[freebw.com/templates/oragnive-v1/themepunch.revolution.min.html]
[freebw.com/templates/oragnive-v1/jquery.themepunch.revolution.min.html]
[freebw.com/templates/oragnive-v1/jquery.themepunch.revolution.html]
[freebw.com/templates/oragnive-v1/index-2.html]
[freebw.com/templates/oragnive-v1/images/icons/location.html]
[freebw.com/templates/oragnive-v1/includes/contact-form.html]
[freebw.com/templates/oragnive-v1/includes/contact-form.html]
